2025-10-12 11:11:36,145 [restartedMain] INFO  in.amitit.Application                             .logStarting:53 - Starting Application using Java 24.0.2 with PID 17824 (D:\SpringBoot-workspace\01_PLANS_API\target\classes started by HP in D:\SpringBoot-workspace\01_PLANS_API)
2025-10-12 11:11:36,146 [restartedMain] INFO  in.amitit.Application                             .logStartupProfileInfo:652 - No active profile set, falling back to 1 default profile: "default"
2025-10-12 11:11:36,198 [restartedMain] INFO  o.s.b.d.e.DevToolsPropertyDefaultsPostProcessor   .log:68 - Devtools property defaults active! Set 'spring.devtools.add-properties' to 'false' to disable
2025-10-12 11:11:36,198 [restartedMain] INFO  o.s.b.d.e.DevToolsPropertyDefaultsPostProcessor   .log:68 - For additional web related logging consider setting the 'logging.level.web' property to 'DEBUG'
2025-10-12 11:11:36,611 [restartedMain] INFO  o.s.d.r.c.RepositoryConfigurationDelegate         .registerRepositoriesIn:145 - Bootstrapping Spring Data JPA repositories in DEFAULT mode.
2025-10-12 11:11:36,652 [restartedMain] INFO  o.s.d.r.c.RepositoryConfigurationDelegate         .registerRepositoriesIn:213 - Finished Spring Data repository scanning in 31 ms. Found 3 JPA repository interfaces.
2025-10-12 11:11:37,421 [restartedMain] INFO  o.s.b.w.embedded.tomcat.TomcatWebServer           .initialize:111 - Tomcat initialized with port 8080 (http)
2025-10-12 11:11:37,436 [restartedMain] INFO  o.apache.coyote.http11.Http11NioProtocol          .log:168 - Initializing ProtocolHandler ["http-nio-8080"]
2025-10-12 11:11:37,437 [restartedMain] INFO  o.apache.catalina.core.StandardService            .log:168 - Starting service [Tomcat]
2025-10-12 11:11:37,437 [restartedMain] INFO  org.apache.catalina.core.StandardEngine           .log:168 - Starting Servlet engine: [Apache Tomcat/10.1.44]
2025-10-12 11:11:37,487 [restartedMain] INFO  o.a.c.c.C.[Tomcat].[localhost].[/]                .log:168 - Initializing Spring embedded WebApplicationContext
2025-10-12 11:11:37,487 [restartedMain] INFO  o.s.b.w.s.c.ServletWebServerApplicationContext    .prepareWebApplicationContext:301 - Root WebApplicationContext: initialization completed in 1288 ms
2025-10-12 11:11:37,627 [restartedMain] INFO  o.hibernate.jpa.internal.util.LogHelper           .logPersistenceUnitInformation:31 - HHH000204: Processing PersistenceUnitInfo [name: default]
2025-10-12 11:11:37,690 [restartedMain] INFO  org.hibernate.Version                             .logVersion:44 - HHH000412: Hibernate ORM core version 6.6.26.Final
2025-10-12 11:11:37,722 [restartedMain] INFO  o.h.c.internal.RegionFactoryInitiator             .initiateService:50 - HHH000026: Second-level cache disabled
2025-10-12 11:11:38,060 [restartedMain] INFO  o.s.o.j.p.SpringPersistenceUnitInfo               .addTransformer:87 - No LoadTimeWeaver setup: ignoring JPA class transformer
2025-10-12 11:11:38,093 [restartedMain] INFO  com.zaxxer.hikari.HikariDataSource                .getConnection:109 - HikariPool-1 - Starting...
2025-10-12 11:11:38,680 [restartedMain] INFO  com.zaxxer.hikari.pool.HikariPool                 .checkFailFast:580 - HikariPool-1 - Added connection com.mysql.cj.jdbc.ConnectionImpl@3b867d97
2025-10-12 11:11:38,682 [restartedMain] INFO  com.zaxxer.hikari.HikariDataSource                .getConnection:122 - HikariPool-1 - Start completed.
2025-10-12 11:11:38,784 [restartedMain] INFO  org.hibernate.orm.connections.pooling             .logConnectionInfo:163 - HHH10001005: Database info:
	Database JDBC URL [Connecting through datasource 'HikariDataSource (HikariPool-1)']
	Database driver: undefined/unknown
	Database version: 9.4
	Autocommit mode: undefined/unknown
	Isolation level: undefined/unknown
	Minimum pool size: undefined/unknown
	Maximum pool size: undefined/unknown
2025-10-12 11:11:39,610 [restartedMain] INFO  o.h.e.t.j.p.i.JtaPlatformInitiator                .initiateService:59 - HHH000489: No JTA platform available (set 'hibernate.transaction.jta.platform' to enable JTA platform integration)
2025-10-12 11:11:39,711 [restartedMain] INFO  o.s.o.j.LocalContainerEntityManagerFactoryBean    .buildNativeEntityManagerFactory:447 - Initialized JPA EntityManagerFactory for persistence unit 'default'
2025-10-12 11:11:40,111 [restartedMain] WARN  o.s.b.a.o.j.JpaBaseConfiguration$JpaWebConfiguration.openEntityManagerInViewInterceptor:258 - spring.jpa.open-in-view is enabled by default. Therefore, database queries may be performed during view rendering. Explicitly configure spring.jpa.open-in-view to disable this warning
2025-10-12 11:11:40,165 [restartedMain] INFO  o.s.v.b.OptionalValidatorFactoryBean              .afterPropertiesSet:48 - Failed to set up a Bean Validation provider: jakarta.validation.NoProviderFoundException: Unable to create a Configuration, because no Jakarta Bean Validation provider could be found. Add a provider like Hibernate Validator (RI) to your classpath.
2025-10-12 11:11:40,545 [restartedMain] INFO  o.s.b.d.a.OptionalLiveReloadServer                .startServer:59 - LiveReload server is running on port 35729
2025-10-12 11:11:40,563 [restartedMain] INFO  o.apache.coyote.http11.Http11NioProtocol          .log:168 - Starting ProtocolHandler ["http-nio-8080"]
2025-10-12 11:11:40,585 [restartedMain] INFO  o.s.b.w.embedded.tomcat.TomcatWebServer           .start:243 - Tomcat started on port 8080 (http) with context path '/'
2025-10-12 11:11:40,591 [restartedMain] INFO  in.amitit.Application                             .logStarted:59 - Started Application in 4.899 seconds (process running for 6.474)
2025-10-12 11:13:16,970 [http-nio-8080-exec-2] INFO  o.a.c.c.C.[Tomcat].[localhost].[/]                .log:168 - Initializing Spring DispatcherServlet 'dispatcherServlet'
2025-10-12 11:13:16,970 [http-nio-8080-exec-2] INFO  o.s.web.servlet.DispatcherServlet                 .initServletBean:532 - Initializing Servlet 'dispatcherServlet'
2025-10-12 11:13:16,975 [http-nio-8080-exec-2] INFO  o.s.web.servlet.DispatcherServlet                 .initServletBean:554 - Completed initialization in 5 ms
2025-10-12 11:13:17,138 [http-nio-8080-exec-2] INFO  in.amitit.controller.PalnRestController           .plans:52 - get All plan
2025-10-12 11:13:22,771 [http-nio-8080-exec-1] INFO  in.amitit.controller.PalnRestController           .plans:52 - get All plan
2025-10-12 11:13:35,253 [http-nio-8080-exec-6] INFO  in.amitit.controller.PalnRestController           .login:117 - usere login
2025-10-12 11:13:37,476 [http-nio-8080-exec-10] INFO  in.amitit.controller.PalnRestController           .plans:52 - get All plan
2025-10-12 11:13:40,406 [http-nio-8080-exec-8] INFO  in.amitit.controller.PalnRestController           .plans:52 - get All plan
2025-10-12 11:13:49,327 [http-nio-8080-exec-4] INFO  in.amitit.controller.PalnRestController           .plans:52 - get All plan
2025-10-12 11:13:52,870 [http-nio-8080-exec-9] INFO  in.amitit.controller.PalnRestController           .getPlanById:60 - get Plan By Id
2025-10-12 11:13:54,624 [http-nio-8080-exec-5] INFO  in.amitit.controller.PalnRestController           .getPlanById:60 - get Plan By Id
2025-10-12 11:14:00,378 [http-nio-8080-exec-1] INFO  in.amitit.controller.PalnRestController           .updatePlan:143 - users updating plan
2025-10-12 11:14:01,679 [http-nio-8080-exec-3] INFO  in.amitit.controller.PalnRestController           .plans:52 - get All plan
2025-10-12 11:14:02,467 [http-nio-8080-exec-6] INFO  in.amitit.controller.PalnRestController           .plans:52 - get All plan
2025-10-12 11:16:16,048 [http-nio-8080-exec-9] INFO  in.amitit.controller.PalnRestController           .deletePlan:164 - delete plan
2025-10-12 11:16:17,344 [http-nio-8080-exec-7] INFO  in.amitit.controller.PalnRestController           .plans:52 - get All plan
